# Include

# Exclude
- cgar/.local/share/Steam/*
- cgar/.local/share/baloo/*
- cgar/.local/share/Terraria/*
- cgar/.local/share/tracker/*
- cgar/.eve/*
- cgar/Videos/*
- cgar/Development/*
- cgar/Music/musicForProgramming/*
- cgar/Downloads/*
- cgar/gPodder/*
- cgar/.zcash/blocks/*
- cgar/.zcash/chainstate/*
- cgar/.zcash/debug.log
- cgar/Documents/Learn/Dutch*
- cgar/Documents/Stranded*
- cgar/Documents/EVE/*
- cgar/Documents/Git/*
- cgar/Documents/Windward/*
- cgar/.zcash-params/*
- cgar/.config/Slack/*
- cgar/.config/discordcanary/*
- cgar/.config/chromium/*
- cgar/.config/hexchat/logs/*
- cgar/.config/Atom/*
- cgar/.config/transmission/*
- cgar/.config/StardewValley/*
- cgar/.config/skypeforlinux/*
- cgar/.config/unity3d/*
- cgar/.config/libreoffice/*
- cgar/.config/UMS/*
- cgar/.wine/*
- cgar/.mozilla/*
- cgar/Desktop/*
- cgar/.minecraft/*
- cgar/Pictures/*
- cgar/Calibre Library/*
- cgar/.cargo/*
- cgar/.npm/*
- cgar/.atom/*
- cgar/.cache/*
- cgar/.local/share/Trash/*
- cgar/.adobe/*
